---
source: tests/integration.rs
assertion_line: 395
expression: buffer_to_string(&terminal)
---
                                                               │
  Search...                                                    │  /  /test/cwd
                                                               │

  Nothing here. Press  /  to search everywhere.


















  ? keyboard shortcuts                                               2 sessions
