---
source: tests/integration.rs
expression: buffer_to_string(&terminal)
---
                                                              │
  Search...                                                   │  /  everywhere
                                                              │




















  ↑↓  navigate  │  ?  help  │  Esc  quit                             0 sessions
