---
source: tests/integration.rs
assertion_line: 395
expression: buffer_to_string(&terminal)
---
                                                               │
  Press / to search                                            │  s  /test/cwd
                                                               │

  Nothing here. Press  s  to search everywhere.


















  NORMAL    j/k  move │  Enter  open │  /  search │  ?  help         2 sessions
