---
source: tests/integration.rs
assertion_line: 419
expression: buffer_to_string(&terminal)
---
                                                              │
  Search...                                                   │  /  everywhere
                                                              │




















  ? keyboard shortcuts                                               0 sessions
