---
source: tests/integration.rs
assertion_line: 419
expression: buffer_to_string(&terminal)
---
                                                              │
  Press / to search                                           │  s  everywhere
                                                              │




















  NORMAL    j/k  move │  Enter  open │  /  search │  ?  help         0 sessions
